<!DOCTYPE html>
<html lang="en">
<head>
    <link rel="stylesheet" href="css/style.css">
    <meta charset="UTF-8">
    <title>Title</title>
</head>
<body>

<div id="wrapper">
    <div id="header">
        <div class="container">
            <div class="logo">
                <a href=""><img src="img/logo.png" alt=""></a>
            </div>

            <ul class="nav">
                <li><a href="#">Home</a></li>
                <li><a href="#">Services</a></li>
                <li><a href="#">Portfolio</a></li>
                <li><a href="#">About</a></li>
                <li><a href="#">Contact</a></li>
            </ul>
        </div>
    </div>

    <div id="home">
        <div class="container">
            <h3>Welcome To Our Studio!</h3>
            <h1>It`s nice to meet you</h1>
            <button class="btn">Tell me more</button>
        </div>
    </div>

    <div id="services" class="box">
        <div class="container">
            <h2 class="title">Services</h2>
            <p class="descriptions">Proin iaculis purus consequat sem cure.</p>

            <div class="services-wrap clearfix">
                <div class="services-item commerce">
                    <h5 class="title">E-Commerce</h5>
                    <p>Proin iaculis purus consequat sem cure
                        digni ssim. Donec porttitora entum suscipit
                    </p>
                </div>
                <div class="services-item responsive">
                    <h5 class="title">Responsive Web</h5>
                    <p>Proin iaculis purus consequat sem cure
                        digni ssim. Donec porttitora entum suscipit
                    </p>
                </div>
                <div class="services-item security">
                    <h5 class="title">Web Security</h5>
                    <p>Proin iaculis purus consequat sem cure
                        digni ssim. Donec porttitora entum suscipit
                    </p>
                </div>
            </div>
        </div>
    </div>

    <div id="portfolio" class="box">
        <div class="container">
            <h2 class="title">Our portfolio</h2>
            <p class="descriptions">Proin iaculis purus consequat sem cure.</p>

            <div class="portfolio-wrap clearfix">
                <div class="portfolio-item">
                    <a href="#"><img src="img/portfolio/1.jpg" alt=""></a>
                    <div class="p-item-footer">
                        <h5 class="title">Ebony & Ivory</h5>
                        <span>Branding</span>
                    </div>
                </div>


                <div class="portfolio-item">
                    <a href="#"><img src="img/portfolio/2.jpg" alt=""></a>
                    <div class="p-item-footer">
                        <h5 class="title">Smart Stationary</h5>
                        <span>Print Design</span>
                    </div>
                </div>


                <div class="portfolio-item">
                    <a href="#"><img src="img/portfolio/3.jpg" alt=""></a>
                    <div class="p-item-footer">
                        <h5 class="title">Clever Poster</h5>
                        <span>Print Design</span>
                    </div>
                </div>


                <div class="portfolio-item">
                    <a href="#"><img src="img/portfolio/4.jpg" alt=""></a>
                    <div class="p-item-footer">
                        <h5 class="title">Vinyl Record</h5>
                        <span>Product Mock-Up</span>
                    </div>
                </div>


                <div class="portfolio-item">
                    <a href="#"><img src="img/portfolio/5.jpg" alt=""></a>
                    <div class="p-item-footer">
                        <h5 class="title">Treehouse Template</h5>
                        <span>Web Design</span>
                    </div>
                </div>


                <div class="portfolio-item">
                    <a href="#"><img src="img/portfolio/6.jpg" alt=""></a>
                    <div class="p-item-footer">
                        <h5 class="title">Burned Logo</h5>
                        <span>Branding</span>
                    </div>
                </div>
            </div>
        </div>
    </div>
</div>

<div id="about" class="box">
    <div class="container">
        <h2 class="title">About us</h2>
        <p class="descriptions">Proin iaculis purus consequat sem cure.</p>

        <div class="about-wrap">
            <div class="about-item clearfix">
                <div class="about-text left text-right">
                    <h5 class="title">JULI 2010<br> Our Humble Beginnings</h5>
                    <p>Lorem ipsum dolor sit amet, consectetur<br>
                        adipisicing elit. Aliquid aut autem, beatae<br>
                        dicta dignissimos dolorem est ex excepturi facilis<br>
                        ipsam itaque nostrum nulla odio repellendus repudiandae
                        sed unde vero voluptatem?</p>
                </div>
                <div class="about-img left">
                    <img src="img/AboutUs/1.jpg" alt="">
                </div>
            </div>

            <div class="about-item clearfix">
                <div class="about-text right text-left">
                    <h5 class="title">JANUARY 2011<br> Facing Startup Buttles</h5>
                    <p>Lorem ipsum dolor sit amet, consectetur<br>
                        adipisicing elit. Aliquid aut autem, beatae<br>
                        dicta dignissimos dolorem est ex excepturi facilis<br>
                        ipsam itaque nostrum nulla odio repellendus repudiandae
                        sed unde vero voluptatem?</p>
                </div>
                <div class="about-img right">
                    <img src="img/AboutUs/2.jpg" alt="">
                </div>
            </div>

            <div class="about-item clearfix">
                <div class="about-text left text-right">
                    <h5 class="title">DECEMBER 2012<br> Enter The Dark Days</h5>
                    <p>Lorem ipsum dolor sit amet, consectetur<br>
                        adipisicing elit. Aliquid aut autem, beatae<br>
                        dicta dignissimos dolorem est ex excepturi facilis<br>
                        ipsam itaque nostrum nulla odio repellendus repudiandae
                        sed unde vero voluptatem?</p>
                </div>
                <div class="about-img left">
                    <img src="img/AboutUs/3.jpg" alt="">
                </div>
            </div>

            <div class="about-item clearfix">
                <div class="about-text right text-left">
                    <h5 class="title">FEBRUARY 2014<br> Our Triumph</h5>
                    <p>Lorem ipsum dolor sit amet, consectetur<br>
                        adipisicing elit. Aliquid aut autem, beatae<br>
                        dicta dignissimos dolorem est ex excepturi facilis<br>
                        ipsam itaque nostrum nulla odio repellendus repudiandae
                        sed unde vero voluptatem?</p>
                </div>
                <div class="about-img right">
                    <img src="img/AboutUs/4.jpg" alt="">
                </div>
            </div>

            <a href="#" class="about_link"><br>Our<br>Story<br>Continues<br>...</a>
        </div>
    </div>
</div>

<div id="team" class="box">
    <div class="container">
        <h2 class="title">Our Amazing Team</h2>
        <p class="descriptions">Proin iaculis purus consequat sem cure.</p>

        <div class="team-wrap clearfix">
            <div class="team-item ">
                <img src="img/AboutUs/1.jpg" alt="">
                <h5 class="title">Kimberly Thompson</h5>
                <p class="category">Marketer</p>
                <div class="social">
                    <a href="#" class="ic-twitter"></a>
                    <a href="#" class="ic-facebook"></a>
                    <a href="#" class="ic-pn"></a>
                </div>
            </div>
            <div class="team-item ">
                <img src="img/AboutUs/1.jpg" alt="">
                <h5 class="title">Rico Massimo</h5>
                <p class="category">Coder</p>
                <div class="social">
                    <a href="#" class="ic-twitter"></a>
                    <a href="#" class="ic-facebook"></a>
                    <a href="#" class="ic-google"></a>
                </div>
            </div>
            <div class="team-item ">
                <img src="img/AboutUs/1.jpg" alt="">
                <h5 class="title">Uku Mason</h5>
                <p class="category">Graphic Designer</p>
                <div class="social">
                    <a href="#" class="ic-facebook"></a>
                    <a href="#" class="ic-pn"></a>
                </div>
            </div>
        </div>
        <p class="descriptions">Lorem ipsum dolor sit amet, consectetur adipisicing elit. Consectetur dolorum earum et,<br>
            libero molestiae obcaecati perferendis recusandae velit veritatis! Fugit.</p>
    </div>
</div>

<div id="partners">
    <div class="container">
        <div class="partners-wrap clearfix">
            <div class="partners-logo envato">
                <img src="img/partners/envato.png" alt="">
            </div>

            <div class="partners-logo wordpress">
                <img src="img/partners/wordPress.png" alt="">
            </div>

            <div class="partners-logo tuts">
                <img src="img/partners/tuts+.png" alt="">
            </div>

            <div class="partners-logo microlancer">
                <img src="img/partners/microlancer.png" alt="">
            </div>
        </div>
    </div>
</div>

<div id="contact">
    <div class="container">
        <h2 class="title">Contact Us</h2>
        <p class="descriptions">Proin iaculis purus consequat sem cure.</p>

    <form action="#" id="message">
        <div class="clearfix">
            <div class="left">
                <input type="text" placeholder="your name *">
                <input type="text" placeholder="your e-mail *">
                <input type="text" placeholder="subject">
            </div>
            <div class="right">
                <textarea cols="0" rows="0" placeholder="your message *"></textarea>
            </div>
        </div>

        <input type="submit" value="send message">
    </form>

    </div>
</div>

<div id="footer">
    <div class="container">
        <div class="footer-wrap clearfix">
            <div class="copyright left text-left">
                <p>&copy; Copyright 2019 Dmitry Pinkovski</p>
            </div>
            <div class="social left">
                <a href="#" class="ic-twitter"></a>
                <a href="#" class="ic-facebook"></a>
                <a href="#" class="ic-pn"></a>
                <a href="#" class="ic-google"></a>
            </div>
        </div>
    </div>
</div>

</body>
</html>